/home/gabriel/Code/2026-1-P-skin-lesion-classification-milk10k/.conda/lib/python3.14/site-packages/torch/utils/data/dataloader.py:1102: UserWarning: 'pin_memory' argument is set as true but no accelerator is found, then device pinned memory won't be used.
  super().__init__(loader)
Usando dispositivo: cpu
Rodando teste: sem_metadado | backbone: resnet50 | K_FOLDS=7
Total de lesoes com as 2 modalidades: 5240
classe
BCC        2522
NV          746
BKL         544
SCCKA       473
MEL         450
AKIEC       303
DF           52
INF          50
VASC         47
BEN_OTH      44
MAL_OTH       9
Name: count, dtype: int64

Dermoscopicas encontradas: 5240 / 5240
Clinicas encontradas:      5240 / 5240

Treino:     4454 lesoes
Teste:      786 lesoes
Vetor de metadados: 17 posicoes -> ['age_norm', 'sex_female', 'sex_male', 'site_foot', 'site_genital', 'site_hand', 'site_head_neck_face', 'site_lower_extremity', 'site_trunk', 'site_unknown', 'site_upper_extremity', 'tone_0', 'tone_1', 'tone_2', 'tone_3', 'tone_4', 'tone_5']
{'AKIEC': 0, 'BCC': 1, 'BEN_OTH': 2, 'BKL': 3, 'DF': 4, 'INF': 5, 'MAL_OTH': 6, 'MEL': 7, 'NV': 8, 'SCCKA': 9, 'VASC': 10}
classe
BCC        2522
NV          746
BKL         544
SCCKA       473
MEL         450
AKIEC       303
DF           52
INF          50
VASC         47
BEN_OTH      44
MAL_OTH       9
Name: count, dtype: int64
Treino:     4454 lesoes
Teste:      786 lesoes

--- Fold 1/7 ---
Traceback (most recent call last):
  File "<string>", line 1, in <module>
    import sys; from multiprocessing.forkserver import main; main(9, 10, ['__main__'], sys_argv=sys.argv[1:], **{'sys_path': ['/home/gabriel/Code/2026-1-P-skin-lesion-classification-milk10k', '/home/gabriel/Code/2026-1-P-skin-lesion-classification-milk10k/.conda/lib/python314.zip', '/home/gabriel/Code/2026-1-P-skin-lesion-classification-milk10k/.conda/lib/python3.14', '/home/gabriel/Code/2026-1-P-skin-lesion-classification-milk10k/.conda/lib/python3.14/lib-dynload', '/home/gabriel/Code/2026-1-P-skin-lesion-classification-milk10k/.conda/lib/python3.14/site-packages'], 'main_path': '/home/gabriel/Code/2026-1-P-skin-lesion-classification-milk10k/main.py', 'authkey_r': 12})
                                                             ~~~~^^^^^^^^^^^^^^^^^^^^^^^^^^^^^^^^^^^^^^^^^^^^^^^^^^^^^^^^^^^^^^^^^^^^^^^^^^^^^^^^^^^^^^^^^^^^^^^^^^^^^^^^^^^^^^^^^^^^^^^^^^^^^^^^^^^^^^^^^^^^^^^^^^^^^^^^^^^^^^^^^^^^^^^^^^^^^^^^^^^^^^^^^^^^^^^^^^^^^^^^^^^^^^^^^^^^^^^^^^^^^^^^^^^^^^^^^^^^^^^^^^^^^^^^^^^^^^^^^^^^^^^^^^^^^^^^^^^^^^^^^^^^^^^^^^^^^^^^^^^^^^^^^^^^^^^^^^^^^^^^^^^^^^^^^^^^^^^^^^^^^^^^^^^^^^^^^^^^^^^^^^^^^^^^^^^^^^^^^^^^^^^^^^^^^^^^^^^^^^^^^^^^^^^^^^^^^^^^^^^^^^^^^^^^^^^^^^^^^^^^^^^^^^^^^^^^^^^^^^^^^^^^^^^^^^^^^^^^^^^^^^^^^^^^^^^^^^^^^^^^^^^^^^^^^^^^^^^^^^^^^^^^^^^^^^^^^^^^^^^^^^^^^^^^^^^^^^^^^^^^^^^^^^^^^^^^^^^^^^^^^^^^^^^^^^^^^^^^^^^^^^^^^^^^^^^^^
  File "/home/gabriel/Code/2026-1-P-skin-lesion-classification-milk10k/.conda/lib/python3.14/multiprocessing/forkserver.py", line 230, in main
    spawn.import_main_path(main_path)
    ~~~~~~~~~~~~~~~~~~~~~~^^^^^^^^^^^
  File "/home/gabriel/Code/2026-1-P-skin-lesion-classification-milk10k/.conda/lib/python3.14/multiprocessing/spawn.py", line 307, in import_main_path
    _fixup_main_from_path(main_path)
    ~~~~~~~~~~~~~~~~~~~~~^^^^^^^^^^^
  File "/home/gabriel/Code/2026-1-P-skin-lesion-classification-milk10k/.conda/lib/python3.14/multiprocessing/spawn.py", line 297, in _fixup_main_from_path
    main_content = runpy.run_path(main_path,
                                  run_name="__mp_main__")
  File "<frozen runpy>", line 294, in run_path
  File "<frozen runpy>", line 98, in _run_module_code
  File "<frozen runpy>", line 88, in _run_code
  File "/home/gabriel/Code/2026-1-P-skin-lesion-classification-milk10k/main.py", line 122, in <module>
    model = criar_modelo(num_classes=len(CLASSES), metadata_dim=metadata_dim, device=device, tipo=TIPO_MODELO, backbone=BACKBONE)   # NOVO: passa o backbone escolhido
  File "/home/gabriel/Code/2026-1-P-skin-lesion-classification-milk10k/modelo.py", line 149, in criar_modelo
    model = MILK10kMultimodalNoMeta(num_classes, metadata_dim, backbone=backbone)
  File "/home/gabriel/Code/2026-1-P-skin-lesion-classification-milk10k/modelo.py", line 79, in __init__
    self.backbone, self.num_features = _criar_backbone(backbone)   # NOVO: backbone escolhido dinamicamente
                                       ~~~~~~~~~~~~~~~^^^^^^^^^^
  File "/home/gabriel/Code/2026-1-P-skin-lesion-classification-milk10k/modelo.py", line 42, in _criar_backbone
    num_features = backbone.fc.in_features
                   ^^^^^^^^^^^
  File "/home/gabriel/Code/2026-1-P-skin-lesion-classification-milk10k/.conda/lib/python3.14/site-packages/torch/nn/modules/module.py", line 1954, in __getattr__
    def __getattr__(self, name: str) -> Union[Tensor, "Module"]:
    
KeyboardInterrupt
Traceback (most recent call last):
  File "/home/gabriel/Code/2026-1-P-skin-lesion-classification-milk10k/main.py", line 124, in <module>
    treinar(model, train_loader, val_loader, criterion, optimizer, device, TOLERANCE, EPOCHS, f'{fold_path}/melhor_modelo_f{fold+1}.pt')
    ~~~~~~~^^^^^^^^^^^^^^^^^^^^^^^^^^^^^^^^^^^^^^^^^^^^^^^^^^^^^^^^^^^^^^^^^^^^^^^^^^^^^^^^^^^^^^^^^^^^^^^^^^^^^^^^^^^^^^^^^^^^^^^^^^^^^
  File "/home/gabriel/Code/2026-1-P-skin-lesion-classification-milk10k/loop_treino.py", line 30, in treinar
    train_loss = train_one_epoch(model, train_loader, criterion, optimizer, device)  # treina 1 epoca, pega o erro medio
  File "/home/gabriel/Code/2026-1-P-skin-lesion-classification-milk10k/treino.py", line 16, in train_one_epoch
    for imgs_derm, imgs_clin, metadata, labels in loader:   # MUDANÇA: agora vem tb o vetor de metadados
                                                  ^^^^^^
  File "/home/gabriel/Code/2026-1-P-skin-lesion-classification-milk10k/.conda/lib/python3.14/site-packages/torch/utils/data/dataloader.py", line 505, in __iter__
    return self._get_iterator()
           ~~~~~~~~~~~~~~~~~~^^
  File "/home/gabriel/Code/2026-1-P-skin-lesion-classification-milk10k/.conda/lib/python3.14/site-packages/torch/utils/data/dataloader.py", line 438, in _get_iterator
    return _MultiProcessingDataLoaderIter(self)
  File "/home/gabriel/Code/2026-1-P-skin-lesion-classification-milk10k/.conda/lib/python3.14/site-packages/torch/utils/data/dataloader.py", line 1176, in __init__
    w.start()
    ~~~~~~~^^
  File "/home/gabriel/Code/2026-1-P-skin-lesion-classification-milk10k/.conda/lib/python3.14/multiprocessing/process.py", line 121, in start
    self._popen = self._Popen(self)
                  ~~~~~~~~~~~^^^^^^
  File "/home/gabriel/Code/2026-1-P-skin-lesion-classification-milk10k/.conda/lib/python3.14/multiprocessing/context.py", line 230, in _Popen
    return _default_context.get_context().Process._Popen(process_obj)
           ~~~~~~~~~~~~~~~~~~~~~~~~~~~~~~~~~~~~~~~~~~~~~^^^^^^^^^^^^^
  File "/home/gabriel/Code/2026-1-P-skin-lesion-classification-milk10k/.conda/lib/python3.14/multiprocessing/context.py", line 306, in _Popen
    return Popen(process_obj)
  File "/home/gabriel/Code/2026-1-P-skin-lesion-classification-milk10k/.conda/lib/python3.14/multiprocessing/popen_forkserver.py", line 35, in __init__
    super().__init__(process_obj)
    ~~~~~~~~~~~~~~~~^^^^^^^^^^^^^
  File "/home/gabriel/Code/2026-1-P-skin-lesion-classification-milk10k/.conda/lib/python3.14/multiprocessing/popen_fork.py", line 20, in __init__
    self._launch(process_obj)
    ~~~~~~~~~~~~^^^^^^^^^^^^^
  File "/home/gabriel/Code/2026-1-P-skin-lesion-classification-milk10k/.conda/lib/python3.14/multiprocessing/popen_forkserver.py", line 51, in _launch
    self.sentinel, w = forkserver.connect_to_new_process(self._fds)
                       ~~~~~~~~~~~~~~~~~~~~~~~~~~~~~~~~~^^^^^^^^^^^
  File "/home/gabriel/Code/2026-1-P-skin-lesion-classification-milk10k/.conda/lib/python3.14/multiprocessing/forkserver.py", line 106, in connect_to_new_process
    connection.answer_challenge(
    ~~~~~~~~~~~~~~~~~~~~~~~~~~~^
            wrapped_client, self._forkserver_authkey)
            ^^^^^^^^^^^^^^^^^^^^^^^^^^^^^^^^^^^^^^^^^
  File "/home/gabriel/Code/2026-1-P-skin-lesion-classification-milk10k/.conda/lib/python3.14/multiprocessing/connection.py", line 995, in answer_challenge
    message = connection.recv_bytes(256)         # reject large message
  File "/home/gabriel/Code/2026-1-P-skin-lesion-classification-milk10k/.conda/lib/python3.14/multiprocessing/connection.py", line 226, in recv_bytes
    buf = self._recv_bytes(maxlength)
  File "/home/gabriel/Code/2026-1-P-skin-lesion-classification-milk10k/.conda/lib/python3.14/multiprocessing/connection.py", line 451, in _recv_bytes
    buf = self._recv(4)
  File "/home/gabriel/Code/2026-1-P-skin-lesion-classification-milk10k/.conda/lib/python3.14/multiprocessing/connection.py", line 416, in _recv
    chunk = read(handle, to_read)
KeyboardInterrupt
Usando dispositivo: cpu
Rodando teste: sem_metadado | backbone: resnet50 | K_FOLDS=7
Total de lesoes com as 2 modalidades: 5240
classe
BCC        2522
NV          746
BKL         544
SCCKA       473
MEL         450
AKIEC       303
DF           52
INF          50
VASC         47
BEN_OTH      44
MAL_OTH       9
Name: count, dtype: int64

Dermoscopicas encontradas: 5240 / 5240
Clinicas encontradas:      5240 / 5240

Treino:     4454 lesoes
Teste:      786 lesoes
Vetor de metadados: 17 posicoes -> ['age_norm', 'sex_female', 'sex_male', 'site_foot', 'site_genital', 'site_hand', 'site_head_neck_face', 'site_lower_extremity', 'site_trunk', 'site_unknown', 'site_upper_extremity', 'tone_0', 'tone_1', 'tone_2', 'tone_3', 'tone_4', 'tone_5']
{'AKIEC': 0, 'BCC': 1, 'BEN_OTH': 2, 'BKL': 3, 'DF': 4, 'INF': 5, 'MAL_OTH': 6, 'MEL': 7, 'NV': 8, 'SCCKA': 9, 'VASC': 10}
classe
BCC        2522
NV          746
BKL         544
SCCKA       473
MEL         450
AKIEC       303
DF           52
INF          50
VASC         47
BEN_OTH      44
MAL_OTH       9
Name: count, dtype: int64
Treino:     4454 lesoes
Teste:      786 lesoes

--- Fold 1/7 ---
